icrosoft Windows [Version 10.0.26100.4770]
(c) Microsoft Corporation. All rights reserved.

C:\Users\kiyoko.takewaki>mkdir Teishutsu

C:\Users\kiyoko.takewaki>cd Teishutsu

C:\Users\kiyoko.takewaki\Teishutsu>mkdir git_challenge

C:\Users\kiyoko.takewaki\Teishutsu>cd git_challenge

C:\Users\kiyoko.takewaki\Teishutsu\git_challenge>git init
Initialized empty Git repository in C:/Users/kiyoko.takewaki/Teishutsu/git_challenge/.git/

C:\Users\kiyoko.takewaki\Teishutsu\git_challenge>echo "Hello, world!" >> hello_world.txt

C:\Users\kiyoko.takewaki\Teishutsu\git_challenge>git add hello_world.txt

C:\Users\kiyoko.takewaki\Teishutsu\git_challenge>git commit -m "hello_world.txtを追記"
[main (root-commit) 81645b4] hello_world.txtを追記
 1 file changed, 1 insertion(+)
 create mode 100644 hello_world.txt

C:\Users\kiyoko.takewaki\Teishutsu\git_challenge>echo "こんにちは、世界！" >> hello_world.txt

C:\Users\kiyoko.takewaki\Teishutsu\git_challenge>git commit -m "日本語訳を追記"
[main 5e3170f] 日本語訳を追記
 1 file changed, 1 insertion(+)

C:\Users\kiyoko.takewaki\Teishutsu\git_challenge>git log --oneline
5e3170f (HEAD -> main) 日本語訳を追記
81645b4 hello_world.txtを追記